---
source: src/parser/coreth/native.rs
assertion_line: 368
expression: reduced
input_file: src/parser/coreth/eth_testvectors/erc20_simple_transfer_1INCH_e.json
---
[
    "Chain ID": "43114",
    "ERC-20": "transfer",
    "To": "0x2a1f67dd9e32d4b7d306d1343bf359809ca334e5",
    "Amount": "113.513822528089833472 1INCH.e",
    "Contract": "0xd501281565bf7789224523144fe5d98e8b28f267",
    "Maximun Fee(GWEI)": "1098234.429659976",
]
