---
source: src/parser/coreth/native.rs
assertion_line: 368
expression: reduced
input_file: src/parser/coreth/eth_testvectors/erc20_simple_transfer_DAI_e.json
---
[
    "Chain ID": "43114",
    "ERC-20": "transfer",
    "To": "0xb5eb8e2a436417f11b8e992d29858def005cef1d",
    "Amount": "224.092573083667136512 DAI.e",
    "Contract": "0xd586e7f844cea2f87f50152665bcbc2c279d8d70",
    "Maximun Fee(GWEI)": "1192586.479436946",
]
