---
source: src/parser/coreth/native.rs
assertion_line: 368
expression: reduced
input_file: src/parser/coreth/eth_testvectors/erc20_simple_transfer_COMP_e.json
---
[
    "Chain ID": "43114",
    "ERC-20": "transfer",
    "To": "0xdd40ae986f7cb30cf5baf93bbef6d97156f45603",
    "Amount": "314.038989513150365696 COMP.e",
    "Contract": "0xc3048e19e76cb9a3aa9d77d8c03c29fc906e2437",
    "Maximun Fee(GWEI)": "905710.66359173",
]
